--- Phase 1: First login ---
Login 1 success. Token obtained.
Verifying Token 1 works...
Token 1 test status: 200

--- Phase 2: Second login (different session) ---
Login 2 success. Token obtained.
Verifying Token 2 works...
Token 2 test status: 200

--- Phase 3: Verify Token 1 is now invalid ---
Attempting request with Token 1...
Token 1 test status: 200
Token 1 test body: {"accounts":[{"id":"1771765553059","name":"AU","proxy":"45.159.183.41:4637:user204951:e1m2ij","warmup_score":0,"last_warmup":null,"has_cookies":true},{"id":"1771844822954","name":"новорег1","proxy":"191.96.125.137:4336:user204951:e1m2ij","warmup_score":0,"last_warmup":null,"has_cookies":true},{"id":"1772989461359","name":"Аккаунт тест","proxy":"","warmup_score":100,"last_warmup":"2026-03-08T17:07:12.008Z","has_cookies":true}],"activeParserAccountIds":["1772989461359"],"activeServerAccountIds":[],"activeIndexAccountIds":["1772989461359"],"activeProfilesAccountIds":["1771844822954"],"names":["Александра","Вероника","Анастасия","Василиса","Анна","Елизавета","София","Мария","Алиса","Ева","Виктория","Полина","Варвара","Дарья","Ксения","Милана","Екатеририна","Кира","Арина","Маргарита","СПб","Питер"],"cities":["спб","питер","petersburg","saint petersburg","spb","st petersburg","санкт петербург","санкт-петербург"],"niches":["Тату","Пирсинг","Кастом одежды","Кастом украшения","tattoe","piercing"],"donors":["https://www.instagram.com/lorazombie","https://www.instagram.com/a_ilinicheva","https://www.instagram.com/karygraf","https://www.instagram.com/_volchara","https://www.instagram.com/ninteendo","https://www.instagram.com/spb.now","https://www.instagram.com/chokuda.spb","https://www.instagram.com/sankt__peterburg","https://www.instagram.com/sundew_tattoo","https://www.instagram.com/piercing_spb","https://www.instagram.com/spb_hair_color","https://www.instagram.com/thrift_spb_vintage","https://www.instagram.com/spb_alt_makeup","https://www.instagram.com/piter_goth_events","https://www.instagram.com/spb_custom_clothing","https://www.instagram.com/bodyart_spb","https://www.instagram.com/spbthrift_alt","https://www.instagram.com/underground_spb","https://www.instagram.com/gopnews_spb"],"checkedDonors":["https://www.instagram.com/asokolova.life","https://www.instagram.com/torri.keratin","https://www.instagram.com/dr.vdovinarina","https://www.instagram.com/sofia_matveeva","https://www.instagram.com/alexandra_an","https://www.instagram.com/aleksa_khalina","https://www.instagram.com/kazakovarina_","https://www.instagram.com/moloko_sasha","https://www.instagram.com/razuvaeva_sasha","https://www.instagram.com/sashakoloskova_","https://www.instagram.com/veronika_egorova__","https://www.instagram.com/rinetta_gatti","https://www.instagram.com/karina.debova","https://www.instagram.com/viktoria_zarembo","https://www.instagram.com/creep_soul","https://www.instagram.com/vikysska","https://www.instagram.com/daria_goriachevaa","https://www.instagram.com/gshokhovaa","https://www.instagram.com/vensi.ds","https://www.instagram.com/ph__oksana","https://www.instagram.com/stefanieuskova","https://www.instagram.com/alenchiik_v","https://www.instagram.com/shevellya","https://www.instagram.com/__why_so_cute__","https://www.instagram.com/markova_margaret","https://www.instagram.com/ulian_kinsss","https://www.instagram.com/uliana_muah","https://www.instagram.com/tanusha_brechova","https://www.instagram.com/olesya_koltzova","https://www.instagram.com/sanechkaplusha","https://www.instagram.com/sasha.golovacheva","https://www.instagram.com/ushakovasasha","https://www.instagram.com/nastyaagapova","https://www.instagram.com/angelina_alekseeva__","https://www.instagram.com/varvara_shapkina_","https://www.instagram.com/romanovalesya_stylist","https://www.instagram.com/_o_l_e_s_e_a_","https://www.instagram.com/the_levinaa","https://www.instagram.com/kristina__wine","https://www.instagram.com/sapsan_number_one","https://www.instagram.com/kristina_88_mur","https://www.instagram.com/halimova_iana","https://www.instagram.com/yanchik484","https://www.instagram.com/yashkamc","https://www.instagram.com/a.n.yanusik","https://www.instagram.com/pen_yanina","https://www.instagram.com/paavllova","https://www.instagram.com/kunakbaevva","https://www.instagram.com/irina_andreevna_sirotkina","https://www.instagram.com/irinaivoninskaya","https://www.instagram.com/_irina_smirnova.spb","https://www.instagram.com/iren.kalachevaa","https://www.instagram.com/ustyuzhinairina","https://www.instagram.com/margarita___b","https://www.instagram.com/rita.270372","https://www.instagram.com/margarita.klaar","https://www.instagram.com/chelnokova_anna","https://www.instagram.com/anyutasalonen","https://www.instagram.com/anetvesna","https://www.instagram.com/dr.tamazova_anna","https://www.instagram.com/anna_cherniakhovskaia","https://www.instagram.com/sophiya.98","https://www.instagram.com/sssofisha","https://www.instagram.com/shestova.sofia","https://www.instagram.com/dr.sofiagevorgiz","https://www.instagram.com/wonder.look","https://www.instagram.com/sukhovaaaaa","https://www.instagram.com/kkarinann_","https://www.instagram.com/okulovskaya_k","https://www.instagram.com/karisha_tu","https://www.instagram.com/aanyasmirnova","https://www.instagram.com/anna.zadoinova","https://www.instagram.com/annymae_mom","https://www.instagram.com/vichuzhaninaa","https://www.instagram.com/e.v.sudakova","https://www.instagram.com/adelminna","https://www.instagram.com/doc.prosvet","https://www.instagram.com/khromny","https://www.instagram.com/stepanovadashad","https://www.instagram.com/kombarushka","https://www.instagram.com/elizaveta_k_23","https://www.instagram.com/rudenko_liza","https://www.instagram.com/sergevvnaa_","https://www.instagram.com/_sugar_niya_","https://www.instagram.com/ksufedra","https://www.instagram.com/screamdelica","https://www.instagram.com/mariabashma","https://www.instagram.com/raeva__maria","https://www.instagram.com/voloshina_mn","https://www.instagram.com/verra_zh","https://www.instagram.com/vera_kraiushkinaa","https://www.instagram.com/darknessszzz","https://www.instagram.com/vlasova.tt","https://www.instagram.com/liu_happinies","https://www.instagram.com/__blossom19___","https://www.instagram.com/black________planet","https://www.instagram.com/yana_kundalini","https://www.instagram.com/aliina.karpovaa","https://www.instagram.com/alinasneggg","https://www.instagram.com/nadi_millennial","https://www.instagram.com/viongla","https://www.instagram.com/alisa_sergeichik","https://www.instagram.com/alisarodkevich","https://www.instagram.com/aliceinbadtrip","https://www.instagram.com/alisa.shandrik","https://www.instagram.com/yodluce","https://www.instagram.com/mikhailova_maria","https://www.instagram.com/ilovethetwilight","https://www.instagram.com/socolovskaya","https://www.instagram.com/foksy._fox","https://www.instagram.com/polamost","https://www.instagram.com/chernozem___","https://www.instagram.com/yulia_kishenina","https://www.instagram.com/jull_juliaa","https://www.instagram.com/lil_katerin","https://www.instagram.com/bedoevak","https://www.instagram.com/katya.moseichuk","https://www.instagram.com/by.maksandra","https://www.instagram.com/sasha.kupit","https://www.instagram.com/sasha.dorozhkova","https://www.instagram.com/medvedeva_yuliacolorist","https://www.instagram.com/jul_leb","https://www.instagram.com/silakova_julia","https://www.instagram.com/julii.des","https://www.instagram.com/ulya_varaksina","https://www.instagram.com/nika_zhur","https://www.instagram.com/_diana.kozlova_","https://www.instagram.com/di_raide","https://www.instagram.com/lazareva_di","https://www.instagram.com/niikoviin","https://www.instagram.com/yanika_999","https://www.instagram.com/veronika_korzhova","https://www.instagram.com/lizzy_vysockaya","https://www.instagram.com/lizapvrnc","https://www.instagram.com/__amoramoramor","https://www.instagram.com/vktrptrva","https://www.instagram.com/makeup.pobeda","https://www.instagram.com/medvedeva_olga_888","https://www.instagram.com/kari_kartina","https://www.instagram.com/tut_karina","https://www.instagram.com/kari.pmu.spb","https://www.instagram.com/anna_perminowa","https://www.instagram.com/anyafitrener","https://www.instagram.com/neprovinzialka_","https://www.instagram.com/galieva.del","https://www.instagram.com/adelina_mahmutova","https://www.instagram.com/kristinakisll","https://www.instagram.com/christieskaya","https://www.instagram.com/kristina_ksu2018","https://www.instagram.com/volkovahelen_","https://www.instagram.com/elen_sidorowa","https://www.instagram.com/doc.yarygina","https://www.instagram.com/ananasnastasya","https://www.instagram.com/taya_mih_","https://www.instagram.com/sofka_design","https://www.instagram.com/llerrich","https://www.instagram.com/valeria____k","https://www.instagram.com/doc_valerka_valerok","https://www.instagram.com/valerya_pauliuchuk","https://www.instagram.com/prosto._.dasha","https://www.instagram.com/smirnoosha","https://www.instagram.com/yadarka_darka","https://www.instagram.com/dary_3.8","https://www.instagram.com/shunkova_liza","https://www.instagram.com/elzzabett","https://www.instagram.com/li_ivantsu","https://www.instagram.com/_lizeta_22","https://www.instagram.com/elevterova","https://www.instagram.com/ks_ermoshina","https://www.instagram.com/ksfeliauer","https://www.instagram.com/kseny_samoletova","https://www.instagram.com/pechkina_mariya","https://www.instagram.com/zavodchikova_","https://www.instagram.com/design_chesn","https://www.instagram.com/brayloveskaya","https://www.instagram.com/anna.aprelskaya","https://www.instagram.com/ly_chkina","https://www.instagram.com/anna_telo_pomnit","https://www.instagram.com/stepnovanastasia","https://www.instagram.com/nasshevel","https://www.instagram.com/_viktoria_nazarova_","https://www.instagram.com/viktoria.skl","https://www.instagram.com/victory_antonova","https://www.instagram.com/kivik8","https://www.instagram.com/alina.prisak","https://www.instagram.com/alina_khabarova","https://www.instagram.com/aarbuzova.ru","https://www.instagram.com/alynzomb","https://www.instagram.com/banditskaya.a","https://www.instagram.com/_peftya_","https://www.instagram.com/ssttlnd","https://www.instagram.com/arinaanikaeva","https://www.instagram.com/samsichka","https://www.instagram.com/podashova","https://www.instagram.com/drakonchik_alisa","https://www.instagram.com/alice_velizhanskaya","https://www.instagram.com/ortodont_vostrikova","https://www.instagram.com/lina.terteshnikova","https://www.instagram.com/angelingik","https://www.instagram.com/its.polyaa","https://www.instagram.com/svetinas","https://www.instagram.com/juliemurashova","https://www.instagram.com/katya.loi","https://www.instagram.com/katerina_kuk_","https://www.instagram.com/katerininskaia","https://www.instagram.com/martinchiks","https://www.instagram.com/olesyashatskova","https://www.instagram.com/juliatales","https://www.instagram.com/mrrgrttt","https://www.instagram.com/kattydmitrieva","https://www.instagram.com/catherina_velika_ya","https://www.instagram.com/perevalkina_ekaterina","https://www.instagram.com/cfurtseva","https://www.instagram.com/ekaterinasuraeva","https://www.instagram.com/katarinastar","https://www.instagram.com/irina_cherepenina","https://www.instagram.com/dianaakamalova","https://www.instagram.com/g.veronichka06","https://www.instagram.com/elizavettaanosova","https://www.instagram.com/elizaveta.corn","https://www.instagram.com/umarova__olga","https://www.instagram.com/lelik_gorbunova","https://www.instagram.com/kriskollorist","https://www.instagram.com/vatrryshka","https://www.instagram.com/1ts.elza","https://www.instagram.com/vredina.fedina.2.0","https://www.instagram.com/anastasia___0807","https://www.instagram.com/mileevanastiia","https://www.instagram.com/vyruchaeva93","https://www.instagram.com/mary_zontik","https://www.instagram.com/darakkoo","https://www.instagram.com/anna_nizovetss","https://www.instagram.com/annantropova22","https://www.instagram.com/voitinanna","https://www.instagram.com/ana7ove","https://www.instagram.com/tatianaalekseeva1711","https://www.instagram.com/nastya_malutina","https://www.instagram.com/nemineeva","https://www.instagram.com/vikikiso","https://www.instagram.com/alina.alexx","https://www.instagram.com/lanalovesv","https://www.instagram.com/sasha_rahnova","https://www.instagram.com/julia_chenda","https://www.instagram.com/12_sjulia","https://www.instagram.com/koteaay_mua","https://www.instagram.com/ledy_di__________________","https://www.instagram.com/_motherland_","https://www.instagram.com/natellaklchv","https://www.instagram.com/elena_prophoto7378","https://www.instagram.com/valeriaaa94fox","https://www.instagram.com/sladost_8910","https://www.instagram.com/winelopa_","https://www.instagram.com/_tttaan","https://www.instagram.com/iksndrgv","https://www.instagram.com/cthrinma","https://www.instagram.com/novikovaekaterina230","https://www.instagram.com/aleksa._fitness","https://www.instagram.com/zhenstvennaya","https://www.instagram.com/iylianiii","https://www.instagram.com/_u_y_l_a_n_a","https://www.instagram.com/saveleva_babe","https://www.instagram.com/mashameoww","https://www.instagram.com/_ryabtseva","https://www.instagram.com/chernysheevvaa","https://www.instagram.com/dashulya_boiko","https://www.instagram.com/nikitina__kate","https://www.instagram.com/misstatyana_v","https://www.instagram.com/tatyanatrukhina_photo","https://www.instagram.com/anasteyshion_alex","https://www.instagram.com/svyataya_vika","https://www.instagram.com/antonova_med","https://www.instagram.com/kseniakapusta","https://www.instagram.com/kseniiakrylovaaa","https://www.instagram.com/rebrovaksenia","https://www.instagram.com/arvidost.st","https://www.instagram.com/submarinovaaa","https://www.instagram.com/_23beauty_","https://www.instagram.com/simkatrin","https://www.instagram.com/hommefatalle","https://www.instagram.com/__oleg.sergeev__","https://www.instagram.com/__askes__","https://www.instagram.com/anastasiyakohanna","https://www.instagram.com/ninolomashvili","https://www.instagram.com/arina_rus57","https://www.instagram.com/klaus_does_insta","https://www.instagram.com/olegtinkov","https://www.instagram.com/vasya_vpiska","https://www.instagram.com/etokoval","https://www.instagram.com/sabinakhayrova_","https://instagram.com/new_user","new_user","some_url","some_user","anything","https://www.instagram.com/doc.dobroumova","https://www.instagram.com/baranova89gmailcom","https://www.instagram.com/volatile_a","https://www.instagram.com/natali_robi","https://www.instagram.com/whyurgirlwithme","https://www.instagram.com/nastya_lugn","https://www.instagram.com/anastacia.galchuk","https://www.instagram.com/zukie.yue","https://www.instagram.com/cathoode","https://www.instagram.com/kateri_berg","https://www.instagram.com/llapersonne","https://www.instagram.com/anrepii","https://www.instagram.com/victoriaa_rogova","https://www.instagram.com/v.iva.89","https://www.instagram.com/prosto.victoria","https://www.instagram.com/k.matyashova","https://www.instagram.com/ksenia_kutergina","https://www.instagram.com/katrin_chernjavskaja","https://www.instagram.com/mariyaberkut","https://www.instagram.com/my.novikova","https://www.instagram.com/maria.khotina","https://www.instagram.com/_dariagarkavaia_","https://www.instagram.com/shatalova.brows","https://www.instagram.com/dariatattooing","https://www.instagram.com/darina97_kr","https://www.instagram.com/yankovayakatya","https://www.instagram.com/pauli__sha","https://www.instagram.com/sasha_soul29","https://www.instagram.com/alexsandrasandrarw","https://www.instagram.com/alexandraobvintseva","https://www.instagram.com/bellezzali","https://www.instagram.com/lilit66sasha","https://www.instagram.com/yulianatyan777","https://www.instagram.com/jehe_wi_1","https://www.instagram.com/brainzzspaghetti","https://www.instagram.com/nctorute","https://www.instagram.com/yakseniya_lor","https://www.instagram.com/vikaaluka","https://www.instagram.com/viktoriya.vash_psyholog","https://www.instagram.com/mmmiiilana","https://www.instagram.com/pronkapron","https://www.instagram.com/qwerty_vu","https://www.instagram.com/925vasilisa.ru","https://www.instagram.com/anna.tomilchik","https://www.instagram.com/anya_bossy","https://www.instagram.com/anna_abidina_art","https://www.instagram.com/dr.xensaa","https://www.instagram.com/moloko.ks","https://www.instagram.com/ksusha_fateeva","https://www.instagram.com/artemyevaksenia","https://www.instagram.com/b_v_s_t_v_r_d","https://www.instagram.com/kolyakova.kseniya","https://www.instagram.com/kseniakutina","https://www.instagram.com/true_konstanta","https://www.instagram.com/veeksee","https://www.instagram.com/vasi_permanent_art","https://www.instagram.com/anna.miracle_","https://www.instagram.com/anyasugar_","https://www.instagram.com/davydkova.anna_","https://www.instagram.com/a_amosova","https://www.instagram.com/anechkashagurina","https://www.instagram.com/saratovaanna","https://www.instagram.com/ksy.makarova","https://www.instagram.com/mmaadmama","https://www.instagram.com/mergys68","https://www.instagram.com/sophisenses","https://www.instagram.com/_elizavetaaf_","https://www.instagram.com/kiraa_belaya","https://www.instagram.com/kira_braun_stylist","https://www.instagram.com/777dubrovskaya","https://www.instagram.com/fantazyfoxy","https://www.instagram.com/_solovyova_daria_","https://www.instagram.com/opossum_heidi","https://www.instagram.com/_d_alekseevna___","https://www.instagram.com/darya__genna","https://www.instagram.com/_dasha_009_46","https://www.instagram.com/potomucto_ja","https://www.instagram.com/dobermangerr","https://www.instagram.com/mariybabi4","https://www.instagram.com/mariestepanova","https://www.instagram.com/your.sashulya","https://www.instagram.com/master_pinsk","https://www.instagram.com/eva.angelinaaa","https://www.instagram.com/alisa_chika","https://www.instagram.com/alisakrasman","https://www.instagram.com/mashrabov_1_","https://www.instagram.com/bobohku1ov","https://www.instagram.com/poskannaia.mariia","https://www.instagram.com/mariia27400","https://www.instagram.com/mariiam32994","https://www.instagram.com/nazlim_nefas","https://www.instagram.com/imalyosha","https://www.instagram.com/julietta_rodikova","https://www.instagram.com/durmanovaaa","https://www.instagram.com/mariabelluccii","https://www.instagram.com/voronina_nastia","https://www.instagram.com/zagorulyaa_","https://www.instagram.com/arina_mingaleeva","https://www.instagram.com/himberka_","https://www.instagram.com/m.i.s.s_igropraktik","https://www.instagram.com/startseva_anastasiya__","https://www.instagram.com/troshkina_hair","https://www.instagram.com/_n_a_s_t_y_s_h_a_a_a","https://www.instagram.com/volchenok_97","https://www.instagram.com/mironovawrites","https://www.instagram.com/dashylya.r","https://www.instagram.com/d.aksenova_psy","https://www.instagram.com/dashenka_milashenka_","https://www.instagram.com/ddemina.daria","https://www.instagram.com/business_mama_x3","https://www.instagram.com/alinass.ph","https://www.instagram.com/fitnessshek","https://www.instagram.com/dr.myalkhi","https://www.instagram.com/elizaveta.kolmychenko","https://www.instagram.com/lizaveta.mango","https://www.instagram.com/anush__k","https://www.instagram.com/aalentya","https://www.instagram.com/mashulya__90","https://www.instagram.com/__ffragile__","https://www.instagram.com/viguess","https://www.instagram.com/viktoriia.luna","https://www.instagram.com/v_guguchkina","https://www.instagram.com/_veronika_sergeevna_","https://www.instagram.com/v_happy_v__","https://www.instagram.com/petrovaaasm","https://www.instagram.com/daryaaa.17","https://www.instagram.com/darykaas","https://www.instagram.com/kozhedub5","https://www.instagram.com/surikesha","https://www.instagram.com/angeli.bartko","https://www.instagram.com/dassha_p","https://www.instagram.com/stylist_anna_","https://www.instagram.com/s.asssssssha","https://www.instagram.com/iamkayti","https://www.instagram.com/smokedi_","https://www.instagram.com/lili_shaturnaya","https://www.instagram.com/marisha_krasilnikova","https://www.instagram.com/mariyakubasova","https://www.instagram.com/evazadorozhnaya","https://www.instagram.com/kseniashorohova","https://www.instagram.com/ksu_paradise","https://www.instagram.com/maletarina","https://www.instagram.com/roomanovka","https://www.instagram.com/vikki.shvets","https://www.instagram.com/svetlana_sufiyanova","https://www.instagram.com/korotycha","https://www.instagram.com/iamalisandra","https://www.instagram.com/pvinkis","https://www.instagram.com/_polina_arturovna","https://www.instagram.com/polina.ivl","https://www.instagram.com/doctor_kubra","https://www.instagram.com/paltoclub_spb","https://www.instagram.com/doc_adilevna","https://www.instagram.com/maiklkulik","https://www.instagram.com/alenasmolyagina","https://www.instagram.com/beautyinsidespb","https://www.instagram.com/assii.yatt","https://www.instagram.com/alina__nano","https://www.instagram.com/tanya_artyukhova","https://www.instagram.com/viktoria.sologubova","https://www.instagram.com/barhat_bachata","https://www.instagram.com/rudneva__","https://www.instagram.com/alinalavryk.fit","https://www.instagram.com/vitalina_hulevich","https://www.instagram.com/danila_aestheticss","https://www.instagram.com/visage_stttyww","https://www.instagram.com/anastation","https://www.instagram.com/dr.anastasiya_expert","https://www.instagram.com/sokolovinaa","https://www.instagram.com/a_vot_i_manya","https://www.instagram.com/stasya_k21","https://www.instagram.com/xenia_makeup","https://www.instagram.com/callmebarneyyyy","https://www.instagram.com/polina.ridvan","https://www.instagram.com/l.liza_ya","https://www.instagram.com/usmanova_nailskudrovo","https://www.instagram.com/aptos_denis_spb","https://www.instagram.com/thealhar","https://www.instagram.com/assai.hs","https://www.instagram.com/arinakislova","https://www.instagram.com/mrs.kramar","https://www.instagram.com/dashuta_nazenceva","https://www.instagram.com/daria_studentka_5_7_3_","https://www.instagram.com/beautiful_dashulka","https://www.instagram.com/miill_a","https://www.instagram.com/art.me.vasilisa","https://www.instagram.com/supaseksigirla","https://www.instagram.com/g.vsl","https://www.instagram.com/domorackaya","https://www.instagram.com/anna_sergeevna_kibitkina","https://www.instagram.com/malaxova","https://www.instagram.com/an_grekova","https://www.instagram.com/barbariska__ya","https://www.instagram.com/merkylova.annet","https://www.instagram.com/olyagenrich","https://www.instagram.com/nastush_kin","https://www.instagram.com/artsalonn","https://www.instagram.com/milana_lala","https://www.instagram.com/medina_087","https://www.instagram.com/milkiss.zm","https://www.instagram.com/monastyreva_pro","https://www.instagram.com/daria.vegner_psy","https://www.instagram.com/mrs_filina","https://www.instagram.com/daria.grape","https://www.instagram.com/darya_maksimovskaya","https://www.instagram.com/a.urvn","https://www.instagram.com/kikirrap","https://www.instagram.com/alex.diyankova","https://www.instagram.com/ana.yavie","https://www.instagram.com/n_romanenochka","https://www.instagram.com/anastasia__lukyanova_","https://www.instagram.com/sisikoush","https://www.instagram.com/sofiya_mi_","https://www.instagram.com/lizageleva","https://www.instagram.com/_muse_es","https://www.instagram.com/ritabellaciao","https://www.instagram.com/tattoo_fadeeva","https://www.instagram.com/semenovichv","https://www.instagram.com/danny_adel","https://www.instagram.com/polinabaklynia","https://www.instagram.com/chipolinushka","https://www.instagram.com/iwanowapauline","https://www.instagram.com/dashkacactus","https://www.instagram.com/ksu__tattoo","https://www.instagram.com/ksusha__0704","https://www.instagram.com/ritakiseleva_ski","https://www.instagram.com/ohh_mashaaaaaa","https://www.instagram.com/hedgehog1983","https://www.instagram.com/skudarnova_m","https://www.instagram.com/a__nekrasova","https://www.instagram.com/aneli_irk","https://www.instagram.com/anika_valkovskaya","https://www.instagram.com/piu.piu.ani","https://www.instagram.com/aaaaaannet","https://www.instagram.com/annavas_annanas","https://www.instagram.com/ks.any","https://www.instagram.com/_.annuuutaaa._","https://www.instagram.com/sinit.anna","https://www.instagram.com/arturovnamom","https://www.instagram.com/a.chernichnaya","https://www.instagram.com/in.cuore.suo","https://www.instagram.com/firzzova","https://www.instagram.com/margo.s_s","https://www.instagram.com/19_chi_chi_19","https://www.instagram.com/margarita_zimasova","https://www.instagram.com/margarita_langabardi","https://www.instagram.com/palinkaorlova","https://www.instagram.com/rybakova.polly","https://www.instagram.com/appolinaria147","https://www.instagram.com/poluha_","https://www.instagram.com/polly.yus","https://www.instagram.com/polina.blazh","https://www.instagram.com/paulinaokey","https://www.instagram.com/polinapenzina","https://www.instagram.com/_elizaveta_niskubina_","https://www.instagram.com/lizavetta_smirnova","https://www.instagram.com/owvenala","https://www.instagram.com/_varya_le","https://www.instagram.com/vrvesd","https://www.instagram.com/danilova_eeee","https://www.instagram.com/alice_sergeevna178","https://www.instagram.com/buyfoom","https://www.instagram.com/parss.a","https://www.instagram.com/kirara.tattoo","https://www.instagram.com/kira_enga_","https://www.instagram.com/mmeow_meow_tattoo","https://www.instagram.com/_eelizaveeta_","https://www.instagram.com/enklv17","https://www.instagram.com/tkachenko_lizaveta","https://www.instagram.com/amelkina_sanja","https://www.instagram.com/2106.711","https://www.instagram.com/varyaryv","https://www.instagram.com/maaaaashaaa","https://www.instagram.com/marylardyga","https://www.instagram.com/eva.steersman","https://www.instagram.com/eva.haski","https://www.instagram.com/_evacorn_","https://www.instagram.com/evalu_tattoo","https://www.instagram.com/evaisedema","https://www.instagram.com/eworontsova","https://www.instagram.com/arina_vipera","https://www.instagram.com/wellfesx","https://www.instagram.com/katina_yaroslava","https://www.instagram.com/dusha.jpg","https://www.instagram.com/vasilis0n","https://www.instagram.com/thenorthernlightsss","https://www.instagram.com/eni_puh","https://www.instagram.com/crazy_alisa","https://www.instagram.com/yalise131","https://www.instagram.com/tattoencia","https://www.instagram.com/pronevskaya_eva","https://www.instagram.com/streltsova_eva","https://www.instagram.com/ev_vitalyevna","https://www.instagram.com/brizgalova_94","https://www.instagram.com/andwhoisalice","https://www.instagram.com/pochemyalisa.ttt","https://www.instagram.com/krylova__eva","https://www.instagram.com/dashik3333","https://www.instagram.com/kukleva_dashaa","https://www.instagram.com/shivani_yoga___","https://www.instagram.com/allllin.0","https://www.instagram.com/marleneisabel1996","https://www.instagram.com/gyul.sever","https://www.instagram.com/zhkhva","https://www.instagram.com/al.gusseva","https://www.instagram.com/alypsy","https://www.instagram.com/via_happy","https://www.instagram.com/urfene_juice","https://www.instagram.com/magickmasha","https://www.instagram.com/hrumaja","https://www.instagram.com/shteymaan_","https://www.instagram.com/as_timmm","https://www.instagram.com/kocher_a","https://www.instagram.com/maria_maria_stop","https://www.instagram.com/m.aleksandrovna.m","https://www.instagram.com/borowkovaa","https://www.instagram.com/sashulya_pavlik","https://www.instagram.com/maria_semask","https://www.instagram.com/chhekakk.hair","https://www.instagram.com/nellistarnell","https://www.instagram.com/a7studio.official","https://www.instagram.com/mary__arhipova","https://www.instagram.com/marusya_shilova","https://www.instagram.com/marta_step","https://www.instagram.com/aleksakevich","https://www.instagram.com/nadi.dr_","https://www.instagram.com/rada.beauty.style","https://www.instagram.com/vasiliska.nikitina","https://www.instagram.com/integrativmedlove","https://www.instagram.com/rozental.tatts","https://www.instagram.com/arina_wigman","https://www.instagram.com/k.se.ny.a","https://www.instagram.com/dpndsnmd","https://www.instagram.com/veronikaverveyn","https://www.instagram.com/_vasilio_ssss","https://www.instagram.com/dasam_tattoo","https://www.instagram.com/dsh_twx21","https://www.instagram.com/tak._.to","https://www.instagram.com/skydreamy_14","https://www.instagram.com/samvelovna.9090","https://www.instagram.com/_viktoriyapushka_ru_","https://www.instagram.com/bezrv","https://www.instagram.com/vikablueberry","https://www.instagram.com/iam.victoria.s.g","https://www.instagram.com/raveretro_","https://www.instagram.com/d__starodubtseva","https://www.instagram.com/d.semyu","https://www.instagram.com/_d_agafonova_","https://www.instagram.com/daasanny","https://www.instagram.com/benenson.tattoo","https://www.instagram.com/evamush.tattoo","https://www.instagram.com/baikal.tattoo","https://www.instagram.com/pm_radiance","https://www.instagram.com/v.eccia","https://www.instagram.com/victorianoita","https://www.instagram.com/batuhtina_victoria","https://www.instagram.com/silanteva_vika29","https://www.instagram.com/ms_malfoy_","https://www.instagram.com/nennastye","https://www.instagram.com/elistattooer","https://www.instagram.com/hellar.lami","https://www.instagram.com/green_milya","https://www.instagram.com/starov.tattoo","https://www.instagram.com/olyazemnova","https://www.instagram.com/olka_efremova84","https://www.instagram.com/marussia_piter","https://www.instagram.com/lerievalerie_photo","https://www.instagram.com/l.ar.k","https://www.instagram.com/drelann10","https://www.instagram.com/veronika_rada_","https://www.instagram.com/916km","https://www.instagram.com/katyasirotiuk26","https://www.instagram.com/nastia_limanova","https://www.instagram.com/dr.shkarovskaya","https://www.instagram.com/elbrow_msk_spb","https://www.instagram.com/miss_ivocka","https://www.instagram.com/nevrologspb_sinelnikov","https://www.instagram.com/olchanski_","https://www.instagram.com/paranichevaaa","https://www.instagram.com/artamosha_tenniscoach","https://www.instagram.com/sososofaa","https://www.instagram.com/sincha_sofa","https://www.instagram.com/sofa_batya","https://www.instagram.com/vmyalenkova","https://www.instagram.com/an.spiridonova","https://www.instagram.com/aleksvnas","https://www.instagram.com/simutina_a","https://www.instagram.com/melanie.zolanski","https://www.instagram.com/mkirovich","https://www.instagram.com/taurayte","https://www.instagram.com/sofiya_zalutskaya","https://www.instagram.com/sofia_belo4ka","https://www.instagram.com/markinanastyaa","https://www.instagram.com/nastya_yurets","https://www.instagram.com/anastasiyanik_","https://www.instagram.com/belkaaan","https://www.instagram.com/aksioma777","https://www.instagram.com/shefanna","https://www.instagram.com/chekalovaannaaa","https://www.instagram.com/annaguznova","https://www.instagram.com/annatess_az","https://www.instagram.com/anna_izofatova","https://www.instagram.com/anna_mikhailovna.42","https://www.instagram.com/blackwork_apothecary","https://www.instagram.com/julianmora.tattoo","https://www.instagram.com/max.graire","https://www.instagram.com/olko.tattoo","https://www.instagram.com/dii_tattoo","https://www.instagram.com/tattoo_ann_lari","https://www.instagram.com/anna.yaroslavl","https://www.instagram.com/marshvel_tattoo","https://www.instagram.com/eclipse.tattoo._","https://www.instagram.com/acosta.dominika","https://www.instagram.com/yuliya_amigurumi","https://www.instagram.com/s_plyt","https://www.instagram.com/scolopendraa","https://www.instagram.com/i_am_apollon","https://www.instagram.com/tattooada_krg","https://www.instagram.com/v.dnlv","https://www.instagram.com/alisa_slyakot","https://www.instagram.com/degtereva_tattoo","https://www.instagram.com/vnutri_kota_teplota","https://www.instagram.com/pochtivangogh","https://www.instagram.com/osmantica","https://www.instagram.com/alepriko","https://www.instagram.com/lingonberry_tattoo","https://www.instagram.com/maryktattoo","https://www.instagram.com/solncevolodarochki","https://www.instagram.com/karma_tattooing","https://www.instagram.com/666blackmeow","https://www.instagram.com/sxenia_tattoo","https://www.instagram.com/onegina.miu","https://www.instagram.com/ksu.u","https://www.instagram.com/ksenia_ells","https://www.instagram.com/xsink74","https://www.instagram.com/ksenia_filimonovaa","https://www.instagram.com/dar_nuzh","https://www.instagram.com/dasha_grace_tattoo","https://www.instagram.com/zhimaeva.ink","https://www.instagram.com/malenkij_budda","https://www.instagram.com/veronika.shah","https://www.instagram.com/anastasiya_vl90","https://www.instagram.com/vasi.tattoo","https://www.instagram.com/anastasiafoga_tattoo","https://www.instagram.com/polumna7","https://www.instagram.com/xudaverdievafiden","https://www.instagram.com/vumspace_spb","https://www.instagram.com/instavika_v","https://www.instagram.com/petrieva.tattoo","https://www.instagram.com/blood.jnz","https://www.instagram.com/kova.ink","https://www.instagram.com/nikole.krsx","https://www.instagram.com/pusheen__candy","https://www.instagram.com/svanrandskadi","https://www.instagram.com/yurevna_ink","https://www.instagram.com/viktoriakireeva20","https://www.instagram.com/vodyanika","https://www.instagram.com/anechkaradionova","https://www.instagram.com/tony_shevchenko","https://www.instagram.com/niksuntabascus","https://www.instagram.com/kseniyakarelina","https://www.instagram.com/viktoria_krashakova","https://www.instagram.com/vikuz27","https://www.instagram.com/iurii_goncharov","https://www.instagram.com/chekanin44","https://www.instagram.com/marvia_mari","https://www.instagram.com/bliznetsova_","https://www.instagram.com/koshkinaksu","https://www.instagram.com/inkognito.tatto","https://www.instagram.com/vrode_zarina_ttt","https://www.instagram.com/__popovaak__","https://www.instagram.com/gnom_sanya_tattoo","https://www.instagram.com/makarovaalexa","https://www.instagram.com/anna_smotritel","https://www.instagram.com/lysenko_alyona","https://www.instagram.com/mxm_peach","https://www.instagram.com/ragestrike","https://www.instagram.com/daryalebedeva_mfr","https://www.instagram.com/neuro_kvilt","https://www.instagram.com/daria_jio","https://www.instagram.com/darianskaya.tattoo","https://www.instagram.com/fedot_23","https://www.instagram.com/uborceva_ekaterina","https://www.instagram.com/kitty_exot","https://www.instagram.com/shurra_tattoo","https://www.instagram.com/yamaxa_ink","https://www.instagram.com/eva__key","https://www.instagram.com/nastyalpn","https://www.instagram.com/krisskras","https://www.instagram.com/dari_darsi666","https://www.instagram.com/krutykhdaria","https://www.instagram.com/tattoo_marroo","https://www.instagram.com/maria_volk24","https://www.instagram.com/kirakramerr","https://www.instagram.com/yrtattoo__","https://www.instagram.com/juanarzola0408","https://www.instagram.com/gatauliina","https://www.instagram.com/rusanovani_","https://www.instagram.com/ronniennika","https://www.instagram.com/vernizss","https://www.instagram.com/purplusha","https://www.instagram.com/kuvshinovaaaa","https://www.instagram.com/co_co_ss__","https://www.instagram.com/nastuu_s","https://www.instagram.com/anastasiya_director","https://www.instagram.com/myatalove","https://www.instagram.com/anapent_ph","https://www.instagram.com/anastasi_kulakova","https://www.instagram.com/nubesk8boarding","https://www.instagram.com/l.nestatnykh","https://www.instagram.com/sasha_edhel","https://www.instagram.com/natriixx_tattz","https://www.instagram.com/kokoyaka_malyaka","https://www.instagram.com/maaaki_photo","https://www.instagram.com/sofittrapeznikova","https://www.instagram.com/_viktoriaefimova","https://www.instagram.com/nivada_house","https://www.instagram.com/vichonok87","https://www.instagram.com/subarashi_i_i","https://www.instagram.com/coldbebe","https://www.instagram.com/antoshechkina_anastasya","https://www.instagram.com/lady_booth_888","https://www.instagram.com/zhdanowann","https://www.instagram.com/_dashaslay_","https://www.instagram.com/vikkkki_ki","https://www.instagram.com/viktory_photography","https://www.instagram.com/rosher.style","https://www.instagram.com/bonnysoni_fh","https://www.instagram.com/ssonips","https://www.instagram.com/ptenchik.k","https://www.instagram.com/ksukoshka3993","https://www.instagram.com/melamorrry","https://www.instagram.com/redxenia","https://www.instagram.com/douwanttotalwar","https://www.instagram.com/vilochka.t","https://www.instagram.com/tori.ar","https://www.instagram.com/sokulskayaaa","https://www.instagram.com/victoria_korshunova","https://www.instagram.com/ksenia_neksenia","https://www.instagram.com/elizabeth_ka_2109","https://www.instagram.com/vixen.di","https://www.instagram.com/anna_multik_","https://www.instagram.com/saschamur","https://www.instagram.com/dianovamakeup","https://www.instagram.com/miss.alinamayskaya","https://www.instagram.com/reoottat","https://www.instagram.com/annashakhtar","https://www.instagram.com/elizavetinkaaaa","https://www.instagram.com/elishh.34","https://www.instagram.com/melomanka94","https://www.instagram.com/kondrashkina.ss","https://www.instagram.com/llaarinaa","https://www.instagram.com/vvvarku","https://www.instagram.com/polinawgli","https://www.instagram.com/_evaevochkina","https://www.instagram.com/avoitos","https://www.instagram.com/ksenia.mov","https://www.instagram.com/radksen","https://www.instagram.com/wpskcii","https://www.instagram.com/danil_vitrik","https://www.instagram.com/d.neuro","https://www.instagram.com/eg.nikitos","https://www.instagram.com/milanagindiya","https://www.instagram.com/shchrbtv","https://www.instagram.com/dari.zadonskaya","https://www.instagram.com/alexandra_sherstobitova","https://www.instagram.com/elaiza_vihr","https://www.instagram.com/liloo_psy","https://www.instagram.com/kochetttkova","https://www.instagram.com/liza300302","https://www.instagram.com/poddubnayaaaaa","https://www.instagram.com/kkk__ds__","https://www.instagram.com/mariya___avdeeva","https://www.instagram.com/777mariyanchenko","https://www.instagram.com/lalrlilnlal","https://www.instagram.com/gorbiik","https://www.instagram.com/anna_ha.22","https://www.instagram.com/lolaabuni","https://www.instagram.com/_annka_si","https://www.instagram.com/annamokuneva","https://www.instagram.com/llnansy","https://www.instagram.com/shablanna","https://www.instagram.com/volkovva_mua","https://www.instagram.com/ageevalan","https://www.instagram.com/nabiren_x","https://www.instagram.com/sasha.strings_","https://www.instagram.com/sasha_komie","https://www.instagram.com/valeazova","https://www.instagram.com/grozzari","https://www.instagram.com/sidorkinadaria","https://www.instagram.com/mirna_kaplan","https://www.instagram.com/maritrru","https://www.instagram.com/caxappppppppppppppppp","https://www.instagram.com/mammamariamarama","https://www.instagram.com/tvoyamarimi","https://www.instagram.com/maria.danilova__","https://www.instagram.com/kirinari_","https://www.instagram.com/magbogdanova","https://www.instagram.com/krashenkorita","https://www.instagram.com/wonder_woman342","https://www.instagram.com/margovers","https://www.instagram.com/shushazhuzha","https://www.instagram.com/ksnpvp","https://www.instagram.com/38.72.6","https://www.instagram.com/for.me__1","https://www.instagram.com/ch.akk","https://www.instagram.com/alisa_swell","https://www.instagram.com/lieva_zukhra_md","https://www.instagram.com/outside_u","https://www.instagram.com/veronika_anosova","https://www.instagram.com/ksushali245","https://www.instagram.com/ksxpyatnova","https://www.instagram.com/ksenia_volosova","https://www.instagram.com/ksenka_1612","https://www.instagram.com/alisa_shtern","https://www.instagram.com/adelaiss_","https://www.instagram.com/alisa.apresyan","https://www.instagram.com/alisa.yushkova","https://www.instagram.com/___ialice___","https://www.instagram.com/md.morozova","https://www.instagram.com/a.___01__","https://www.instagram.com/__miss_alise__","https://www.instagram.com/arinafed","https://www.instagram.com/shekshuevastyle","https://www.instagram.com/arina_safronova_327","https://www.instagram.com/aaarriiina","https://www.instagram.com/arinamitrokhina","https://www.instagram.com/arina_a1ex","https://www.instagram.com/arinassense","https://www.instagram.com/ishchenkoari","https://www.instagram.com/velryba","https://www.instagram.com/ariiells","https://www.instagram.com/rishylchik","https://www.instagram.com/arinaromashko","https://www.instagram.com/tattoo_good_girl","https://www.instagram.com/tars.tats","https://www.instagram.com/duboyskaya.design","https://www.instagram.com/balaaari","https://www.instagram.com/kolod_daria","https://www.instagram.com/vasilisakrasotina","https://www.instagram.com/mdaaaaaaaaaaaaaaaaaaaaaaaa","https://www.instagram.com/vkatasonovaa","https://www.instagram.com/vasileyshaa","https://www.instagram.com/ya.vvssa","https://www.instagram.com/ivonina_ph","https://www.instagram.com/nixtay.tattoo","https://www.instagram.com/_dashundel_","https://www.instagram.com/daryayoohoo","https://www.instagram.com/daria_a.o","https://www.instagram.com/daria202_","https://www.instagram.com/dooori_dori","https://www.instagram.com/zzorina","https://www.instagram.com/darya_kryzhanovskaya","https://www.instagram.com/suslovadarya_","https://www.instagram.com/darya_deni","https://www.instagram.com/milanaflex","https://www.instagram.com/samui_home_reserve","https://www.instagram.com/beauty_space05","https://www.instagram.com/bynasti","https://www.instagram.com/alena__lena","https://www.instagram.com/milana_gordienko","https://www.instagram.com/alferova_mi","https://www.instagram.com/milanakhmarova","https://www.instagram.com/im1ley","https://www.instagram.com/chihuahua_dolche_paese","https://www.instagram.com/_alsy_kalimyllina_","https://www.instagram.com/kyda_piter","https://www.instagram.com/ph_grosheva","https://www.instagram.com/alstep","https://www.instagram.com/_bellatora_","https://www.instagram.com/artisheva19","https://www.instagram.com/aleksandra_vrnn","https://www.instagram.com/marasinskaya_aleksandra","https://www.instagram.com/vikavikiseleva","https://www.instagram.com/vakulinavikulya","https://www.instagram.com/n_ika88","https://www.instagram.com/slnviki","https://www.instagram.com/vikulya_deikyn","https://www.instagram.com/viktoria_rogozina","https://www.instagram.com/imv1__","https://www.instagram.com/the.vvikk","https://www.instagram.com/viktoria.mikitchuk","https://www.instagram.com/mmvwvi","https://www.instagram.com/victorylyon","https://www.instagram.com/lapidus.polina","https://www.instagram.com/nasti.shcherbakova","https://www.instagram.com/anastasiiatih","https://www.instagram.com/a_petrakova_","https://www.instagram.com/anastasiyaolonovaa","https://www.instagram.com/zhananasty","https://www.instagram.com/pudikovavicky","https://www.instagram.com/_k_anastasiia","https://www.instagram.com/voitenkova_a","https://www.instagram.com/_shtern_margarita_","https://www.instagram.com/vsavina_","https://www.instagram.com/kuzmich.kira","https://www.instagram.com/hateful_s","https://www.instagram.com/mine.nastia","https://www.instagram.com/nsfgsh","https://www.instagram.com/yakovleevichh","https://www.instagram.com/bulega_","https://www.instagram.com/margoue.k","https://www.instagram.com/margarita_ivina","https://www.instagram.com/aazavyalova","https://www.instagram.com/melnikova_alexandra","https://www.instagram.com/senior_palovka_","https://www.instagram.com/medvedeva.e.e","https://www.instagram.com/nastyabrailo","https://www.instagram.com/anastaredko","https://www.instagram.com/sashka_boss","https://www.instagram.com/aleksandra_klvtkh","https://www.instagram.com/aleksaleksandrovna","https://www.instagram.com/sofiaaali","https://www.instagram.com/sofiaepim","https://www.instagram.com/sabllee","https://www.instagram.com/iamsofa_p","https://www.instagram.com/mood_evdokiya","https://www.instagram.com/eva.osprey","https://www.instagram.com/evrchhh","https://www.instagram.com/kirapepel","https://www.instagram.com/elizzz.shtern","https://www.instagram.com/muchacha.li","https://www.instagram.com/doctor.perkhadova","https://www.instagram.com/kremneva_am","https://www.instagram.com/q.fwq","https://www.instagram.com/alexandramatsarina","https://www.instagram.com/alexandra.nasadiuk","https://www.instagram.com/kasandraa_ti","https://www.instagram.com/varia.nebo","https://www.instagram.com/polina_krapiva","https://www.instagram.com/polinakadyrova","https://www.instagram.com/odindesyat","https://www.instagram.com/fobochka95","https://www.instagram.com/mariaamaslova","https://www.instagram.com/maria_kosyan","https://www.instagram.com/dyuvenzhi.es","https://www.instagram.com/vdarieva_rieltor","https://www.instagram.com/veronika_kipkaeva","https://www.instagram.com/doctor_polikarpova","https://www.instagram.com/dara_verz","https://www.instagram.com/irinchoco.tattoo","https://www.instagram.com/valerimur","https://www.instagram.com/varvarashiryaeva","https://www.instagram.com/__varvar__","https://www.instagram.com/varvaros_","https://www.instagram.com/chelove_spb","https://www.instagram.com/margaritamangi","https://www.instagram.com/margot_pavlova","https://www.instagram.com/polly__naletova","https://www.instagram.com/_polineziya_","https://www.instagram.com/poliine.s","https://www.instagram.com/tokminaa","https://www.instagram.com/babaninis","https://www.instagram.com/sofia_krygina","https://www.instagram.com/sofia.voronova.93","https://www.instagram.com/gridnevas","https://www.instagram.com/whypresha","https://www.instagram.com/v.yarroway","https://www.instagram.com/pingwinnnnn","https://www.instagram.com/ve_vo78","https://www.instagram.com/elzvet.li","https://www.instagram.com/sama_elizaveta","https://www.instagram.com/e_devyatkova","https://www.instagram.com/ritabrekhova","https://www.instagram.com/margaritatgl","https://www.instagram.com/margo.mri","https://www.instagram.com/miss_usova__","https://www.instagram.com/__mb_tattoo__","https://www.instagram.com/maria_nedvedskaya","https://www.instagram.com/massyka15","https://www.instagram.com/m.kremlyova","https://www.instagram.com/mariahomochka","https://www.instagram.com/marfa_hairdresser","https://www.instagram.com/marria.sedova","https://www.instagram.com/m.morozova_","https://www.instagram.com/marysish","https://www.instagram.com/zolotukhina_rita","https://www.instagram.com/_lirskayaaa_","https://www.instagram.com/kara__mara__","https://www.instagram.com/katena.mit","https://www.instagram.com/luy.lk","https://www.instagram.com/________lelikys.hair__________","https://www.instagram.com/trushin_ilya_realty","https://www.instagram.com/manu.sarakhova","https://www.instagram.com/stomatolog_tina","https://www.instagram.com/alexandra_zas","https://www.instagram.com/ivanovasofia1","https://www.instagram.com/sofiavladimirovaa","https://www.instagram.com/sofiafilinaa","https://www.instagram.com/rzjuly","https://www.instagram.com/katrin_makeupterapevt","https://www.instagram.com/annnaquiver","https://www.instagram.com/hanuta____broker","https://www.instagram.com/kerandella","https://www.instagram.com/sweet___an","https://www.instagram.com/annakashtanova.photo","https://www.instagram.com/lz.aaaa","https://www.instagram.com/elire_designs","https://www.instagram.com/lizavyshenskaia","https://www.instagram.com/plumlamlum","https://www.instagram.com/volkova___anya","https://www.instagram.com/anna_v_nutriciolog","https://www.instagram.com/anyutka_lineva26","https://www.instagram.com/sexologtatianamaria"],"showBrowser":true,"concurrentProfiles":5,"humanEmulation":false,"dolphinToken":""}

FAILURE: Token 1 is still valid! Status code: 200
